---
http_interactions:
- request:
    method: get
    uri: http://users-api.biznettechnologies.com/v1/users/current.json
    body:
      encoding: US-ASCII
      string: ''
    headers:
      Authorization:
      - Bearer 1f8639b026344721bd0126b039609835ffa931b44446907acc11a07719fce59a
  response:
    status:
      code: 200
      message: OK
    headers:
      Server:
      - Cowboy
      Connection:
      - close
      Date:
      - Tue, 27 Mar 2018 10:55:27 GMT
      X-Frame-Options:
      - SAMEORIGIN
      X-Xss-Protection:
      - 1; mode=block
      X-Content-Type-Options:
      - nosniff
      Content-Type:
      - application/json; charset=utf-8
      Etag:
      - W/"14f1e87d4b9514c85ab7ab381ca916f9"
      Cache-Control:
      - max-age=0, private, must-revalidate
      X-Request-Id:
      - bce46550-70e5-4dd2-8028-12e026961697
      X-Runtime:
      - '0.100382'
      Vary:
      - Origin
      Via:
      - 1.1 vegur
    body:
      encoding: UTF-8
      string: '{"success":true,"status":{"code":200,"message":"OK"},"user":{"id":14802,"uuid":"589e9ac9-a8c1-47ed-bf4b-aa9b19431249","name":"Test
        Zuppler","email":"test@zuppler.com","phone":"610-844-2971","locales":[],"created_at":"2012-01-25T18:27:22Z","roles":["restaurant","dispatcher"],"acls":{"channel":[9],"restaurant":[242],"delivery_service":[1,10],"market":[1]},"zuppler_bucks":"-1430.0","zuppler_points":74969,"zupp_bucks":{"242":550.0,"1":-1980.0},"zupp_points":{"total":74969,"total_in_dollars":74.97},"gravatar_id":"b120236ab9362cc0ee826a1145e1fdff","links":[{"name":"self","methods":["get","patch","put"],"url":"/v1/users/589e9ac9-a8c1-47ed-bf4b-aa9b19431249"},{"name":"vaults","method":"get","url":"/v1/users/589e9ac9-a8c1-47ed-bf4b-aa9b19431249/vaults"},{"name":"grant","method":"put","url":"/v1/users/589e9ac9-a8c1-47ed-bf4b-aa9b19431249/grant"},{"name":"revoke","method":"put","url":"/v1/users/589e9ac9-a8c1-47ed-bf4b-aa9b19431249/revoke"},{"name":"touch","method":"put","url":"/v1/users/589e9ac9-a8c1-47ed-bf4b-aa9b19431249/touch"},{"name":"providers","method":"get","url":"/v1/users/589e9ac9-a8c1-47ed-bf4b-aa9b19431249/providers"},{"name":"print_params","methods":["get","put"],"url":"/v1/users/589e9ac9-a8c1-47ed-bf4b-aa9b19431249/print_params"}]}}'
    http_version: 
  recorded_at: Tue, 27 Mar 2018 10:55:27 GMT
- request:
    method: put
    uri: http://users-api.biznettechnologies.com/v1/users/current/zupps_revoke.json
    body:
      encoding: UTF-8
      string: points[amount]=1000
    headers:
      Authorization:
      - Bearer 1f8639b026344721bd0126b039609835ffa931b44446907acc11a07719fce59a
  response:
    status:
      code: 200
      message: OK
    headers:
      Server:
      - Cowboy
      Connection:
      - close
      Date:
      - Tue, 27 Mar 2018 10:55:28 GMT
      X-Frame-Options:
      - SAMEORIGIN
      X-Xss-Protection:
      - 1; mode=block
      X-Content-Type-Options:
      - nosniff
      Content-Type:
      - application/json; charset=utf-8
      Etag:
      - W/"e9c5a7e5771a53b0556e885abf918308"
      Cache-Control:
      - max-age=0, private, must-revalidate
      X-Request-Id:
      - f363b993-d465-4336-a4b3-0e45a8d35ebd
      X-Runtime:
      - '0.496665'
      Vary:
      - Origin
      Via:
      - 1.1 vegur
    body:
      encoding: UTF-8
      string: '{"success":true,"status":{"code":200,"message":"Zupps revoked"}}'
    http_version: 
  recorded_at: Tue, 27 Mar 2018 10:55:29 GMT
- request:
    method: get
    uri: http://users-api.biznettechnologies.com/v1/users/current.json
    body:
      encoding: US-ASCII
      string: ''
    headers:
      Authorization:
      - Bearer 1f8639b026344721bd0126b039609835ffa931b44446907acc11a07719fce59a
  response:
    status:
      code: 200
      message: OK
    headers:
      Server:
      - Cowboy
      Connection:
      - close
      Date:
      - Tue, 27 Mar 2018 10:55:29 GMT
      X-Frame-Options:
      - SAMEORIGIN
      X-Xss-Protection:
      - 1; mode=block
      X-Content-Type-Options:
      - nosniff
      Content-Type:
      - application/json; charset=utf-8
      Etag:
      - W/"7a95fe01356b79aa6b2da8caf974cb79"
      Cache-Control:
      - max-age=0, private, must-revalidate
      X-Request-Id:
      - 40ab0087-3dc1-4cc7-9a92-ba22b6898c52
      X-Runtime:
      - '0.091232'
      Vary:
      - Origin
      Via:
      - 1.1 vegur
    body:
      encoding: UTF-8
      string: '{"success":true,"status":{"code":200,"message":"OK"},"user":{"id":14802,"uuid":"589e9ac9-a8c1-47ed-bf4b-aa9b19431249","name":"Test
        Zuppler","email":"test@zuppler.com","phone":"610-844-2971","locales":[],"created_at":"2012-01-25T18:27:22Z","roles":["restaurant","dispatcher"],"acls":{"channel":[9],"restaurant":[242],"delivery_service":[1,10],"market":[1]},"zuppler_bucks":"-1430.0","zuppler_points":73969,"zupp_bucks":{"242":550.0,"1":-1980.0},"zupp_points":{"total":73969,"total_in_dollars":73.97},"gravatar_id":"b120236ab9362cc0ee826a1145e1fdff","links":[{"name":"self","methods":["get","patch","put"],"url":"/v1/users/589e9ac9-a8c1-47ed-bf4b-aa9b19431249"},{"name":"vaults","method":"get","url":"/v1/users/589e9ac9-a8c1-47ed-bf4b-aa9b19431249/vaults"},{"name":"grant","method":"put","url":"/v1/users/589e9ac9-a8c1-47ed-bf4b-aa9b19431249/grant"},{"name":"revoke","method":"put","url":"/v1/users/589e9ac9-a8c1-47ed-bf4b-aa9b19431249/revoke"},{"name":"touch","method":"put","url":"/v1/users/589e9ac9-a8c1-47ed-bf4b-aa9b19431249/touch"},{"name":"providers","method":"get","url":"/v1/users/589e9ac9-a8c1-47ed-bf4b-aa9b19431249/providers"},{"name":"print_params","methods":["get","put"],"url":"/v1/users/589e9ac9-a8c1-47ed-bf4b-aa9b19431249/print_params"}]}}'
    http_version: 
  recorded_at: Tue, 27 Mar 2018 10:55:29 GMT
recorded_with: VCR 4.0.0
